// Jest Snapshot v1, https://goo.gl/fbAQLP

exports[`Tests in <HookApp /> should show <HookApp /> correctly 1`] = `
<Fragment>
  <h1>
    Hola Mundo
  </h1>
</Fragment>
`;
