// Jest Snapshot v1, https://goo.gl/fbAQLP

exports[`Tests in <HomeScreen /> should render <HomeScreen /> correctly 1`] = `
<div>
  <h1>
    Home Screen
  </h1>
  <hr />
  <pre>
    {
   "name": "fede",
   "email": "fede@fede.com"
}
  </pre>
</div>
`;
